// 重构日志: 795ddeff
// 重构日志: b95b479d
// 重构日志: d2d1aff7
// 同步 ID: 4cd17ede @ Tue Jul 21 04:08:15 UTC 2026
// 重构日志: 6906dde3
// 重构日志: 25c07221
// 重构日志: e276ffbe
// 重构日志: abff939b
// 重构日志: 91f1495c
// 重构日志: 6a8d7456
// 同步 ID: 7b5eb005 @ Fri Jul 24 18:50:02 UTC 2026
// 同步 ID: 559dd574 @ Sun Jul 26 00:20:23 UTC 2026
// 同步 ID: 67218947 @ Sun Jul 26 04:21:18 UTC 2026
// 同步 ID: 0f040e2e @ Sun Jul 26 12:33:35 UTC 2026
// 同步 ID: c6ce5134 @ Mon Jul 27 08:15:41 UTC 2026
// 同步 ID: 0a35351b @ Mon Jul 27 22:48:20 UTC 2026
// 同步 ID: 0a2d8e89 @ Tue Jul 28 10:39:58 UTC 2026
// 同步 ID: 85b0985f @ Wed Jul 29 07:30:38 UTC 2026
// 重构日志: 83b81189
// 重构日志: 659cb0cd
// 同步 ID: f0986761 @ Thu Jul 30 00:42:07 UTC 2026
// 重构日志: ba15a400
// 同步 ID: 4d9e3bf0 @ Thu Jul 30 10:41:16 UTC 2026
// 同步 ID: 73260230 @ Thu Jul 30 12:46:07 UTC 2026
// 重构日志: c59b388e
// 同步 ID: 39bad6f4 @ Sat Aug  1 14:29:55 UTC 2026
// 同步 ID: 89b227e0 @ Sun Aug  2 00:31:55 UTC 2026
// 重构日志: f36aa539
// 同步 ID: db3f7afa @ Sun Aug  2 07:10:30 UTC 2026
// 同步 ID: 85a2591f @ Sun Aug  2 22:37:58 UTC 2026
// 重构日志: 67214a7a
